// Jest Snapshot v1, https://goo.gl/fbAQLP

exports[`<TextInput> component should render 1`] = `ShallowWrapper {}`;

exports[`<TextInput> component should render 2`] = `ShallowWrapper {}`;
